{"type":"server-started","port":55296,"host":"127.0.0.1","url_host":"localhost","url":"http://localhost:55296/?key=10423aaa9ce21be6e0d129b2d40e9e13fe1677a13e827aab933c8249051560de","screen_dir":"/Volumes/code/YUMIV2/.superpowers/brainstorm/39592-1790147910/content","state_dir":"/Volumes/code/YUMIV2/.superpowers/brainstorm/39592-1790147910/state","idle_timeout_ms":14400000}
{"type":"screen-added","file":"/Volumes/code/YUMIV2/.superpowers/brainstorm/39592-1790147910/content/order-fulfillment-board-1600.html"}
{"type":"screen-added","file":"/Volumes/code/YUMIV2/.superpowers/brainstorm/39592-1790147910/content/order-board-readonly-actions-v2.html"}
{"type":"screen-added","file":"/Volumes/code/YUMIV2/.superpowers/brainstorm/39592-1790147910/content/order-board-12-lines-a.html"}
{"type":"screen-updated","file":"/Volumes/code/YUMIV2/.superpowers/brainstorm/39592-1790147910/content/order-board-12-lines-a.html"}
{"type":"screen-added","file":"/Volumes/code/YUMIV2/.superpowers/brainstorm/39592-1790147910/content/order-overview-fulfillment-finance-v1.html"}
{"type":"screen-updated","file":"/Volumes/code/YUMIV2/.superpowers/brainstorm/39592-1790147910/content/order-overview-fulfillment-finance-v1.html"}
{"type":"screen-updated","file":"/Volumes/code/YUMIV2/.superpowers/brainstorm/39592-1790147910/content/order-overview-fulfillment-finance-v1.html"}
{"type":"screen-updated","file":"/Volumes/code/YUMIV2/.superpowers/brainstorm/39592-1790147910/content/order-overview-fulfillment-finance-v1.html"}
{"type":"screen-updated","file":"/Volumes/code/YUMIV2/.superpowers/brainstorm/39592-1790147910/content/order-overview-fulfillment-finance-v1.html"}
{"type":"screen-added","file":"/Volumes/code/YUMIV2/.superpowers/brainstorm/39592-1790147910/content/order-overview-inventory-fulfillment-v2.html"}
{"type":"screen-updated","file":"/Volumes/code/YUMIV2/.superpowers/brainstorm/39592-1790147910/content/order-overview-inventory-fulfillment-v2.html"}
{"type":"screen-updated","file":"/Volumes/code/YUMIV2/.superpowers/brainstorm/39592-1790147910/content/order-overview-inventory-fulfillment-v2.html"}
{"type":"screen-updated","file":"/Volumes/code/YUMIV2/.superpowers/brainstorm/39592-1790147910/content/order-overview-inventory-fulfillment-v2.html"}
{"type":"screen-updated","file":"/Volumes/code/YUMIV2/.superpowers/brainstorm/39592-1790147910/content/order-overview-inventory-fulfillment-v2.html"}
{"type":"screen-updated","file":"/Volumes/code/YUMIV2/.superpowers/brainstorm/39592-1790147910/content/order-overview-inventory-fulfillment-v2.html"}
{"type":"screen-added","file":"/Volumes/code/YUMIV2/.superpowers/brainstorm/39592-1790147910/content/order-information-architecture-1600-v3.html"}
{"type":"screen-updated","file":"/Volumes/code/YUMIV2/.superpowers/brainstorm/39592-1790147910/content/order-information-architecture-1600-v3.html"}
{"type":"screen-added","file":"/Volumes/code/YUMIV2/.superpowers/brainstorm/39592-1790147910/content/order-detail-tabs-1600-v4.html"}
{"type":"screen-updated","file":"/Volumes/code/YUMIV2/.superpowers/brainstorm/39592-1790147910/content/order-detail-tabs-1600-v4.html"}
{"type":"screen-added","file":"/Volumes/code/YUMIV2/.superpowers/brainstorm/39592-1790147910/content/order-detail-tabs-stage-board-v5.html"}
{"type":"screen-updated","file":"/Volumes/code/YUMIV2/.superpowers/brainstorm/39592-1790147910/content/order-detail-tabs-stage-board-v5.html"}
{"type":"screen-updated","file":"/Volumes/code/YUMIV2/.superpowers/brainstorm/39592-1790147910/content/order-detail-tabs-stage-board-v5.html"}
{"type":"screen-updated","file":"/Volumes/code/YUMIV2/.superpowers/brainstorm/39592-1790147910/content/order-detail-tabs-stage-board-v5.html"}
{"type":"screen-updated","file":"/Volumes/code/YUMIV2/.superpowers/brainstorm/39592-1790147910/content/order-detail-tabs-stage-board-v5.html"}
{"type":"screen-updated","file":"/Volumes/code/YUMIV2/.superpowers/brainstorm/39592-1790147910/content/order-detail-tabs-stage-board-v5.html"}
{"type":"screen-added","file":"/Volumes/code/YUMIV2/.superpowers/brainstorm/39592-1790147910/content/order-detail-tabs-simple-overview-v6.html"}
{"type":"screen-updated","file":"/Volumes/code/YUMIV2/.superpowers/brainstorm/39592-1790147910/content/order-detail-tabs-simple-overview-v6.html"}
{"type":"screen-added","file":"/Volumes/code/YUMIV2/.superpowers/brainstorm/39592-1790147910/content/global-frontend-antd-v1.html"}
{"type":"screen-updated","file":"/Volumes/code/YUMIV2/.superpowers/brainstorm/39592-1790147910/content/global-frontend-antd-v1.html"}
{"type":"screen-updated","file":"/Volumes/code/YUMIV2/.superpowers/brainstorm/39592-1790147910/content/global-frontend-antd-v1.html"}
{"type":"screen-updated","file":"/Volumes/code/YUMIV2/.superpowers/brainstorm/39592-1790147910/content/global-frontend-antd-v1.html"}
{"type":"screen-updated","file":"/Volumes/code/YUMIV2/.superpowers/brainstorm/39592-1790147910/content/global-frontend-antd-v1.html"}
{"type":"screen-updated","file":"/Volumes/code/YUMIV2/.superpowers/brainstorm/39592-1790147910/content/global-frontend-antd-v1.html"}
{"type":"screen-updated","file":"/Volumes/code/YUMIV2/.superpowers/brainstorm/39592-1790147910/content/global-frontend-antd-v1.html"}
{"type":"screen-updated","file":"/Volumes/code/YUMIV2/.superpowers/brainstorm/39592-1790147910/content/global-frontend-antd-v1.html"}
{"type":"screen-updated","file":"/Volumes/code/YUMIV2/.superpowers/brainstorm/39592-1790147910/content/global-frontend-antd-v1.html"}
{"type":"screen-added","file":"/Volumes/code/YUMIV2/.superpowers/brainstorm/39592-1790147910/content/global-shell-ab-comparison.html"}
{"type":"screen-updated","file":"/Volumes/code/YUMIV2/.superpowers/brainstorm/39592-1790147910/content/global-shell-ab-comparison.html"}
{"type":"screen-updated","file":"/Volumes/code/YUMIV2/.superpowers/brainstorm/39592-1790147910/content/global-shell-ab-comparison.html"}
{"type":"screen-added","file":"/Volumes/code/YUMIV2/.superpowers/brainstorm/39592-1790147910/content/order-detail-antd-admin-v1.html"}
{"type":"screen-updated","file":"/Volumes/code/YUMIV2/.superpowers/brainstorm/39592-1790147910/content/order-detail-antd-admin-v1.html"}
{"type":"screen-updated","file":"/Volumes/code/YUMIV2/.superpowers/brainstorm/39592-1790147910/content/order-detail-antd-admin-v1.html"}
{"type":"screen-updated","file":"/Volumes/code/YUMIV2/.superpowers/brainstorm/39592-1790147910/content/order-detail-antd-admin-v1.html"}
