{"type":"server-started","port":55296,"host":"127.0.0.1","url_host":"localhost","url":"http://localhost:55296/?key=10423aaa9ce21be6e0d129b2d40e9e13fe1677a13e827aab933c8249051560de","screen_dir":"/Volumes/code/YUMIV2/.superpowers/brainstorm/92844-1790133283/content","state_dir":"/Volumes/code/YUMIV2/.superpowers/brainstorm/92844-1790133283/state","idle_timeout_ms":14400000}
{"type":"screen-added","file":"/Volumes/code/YUMIV2/.superpowers/brainstorm/92844-1790133283/content/frontend-visual-directions.html"}
{"source":"user-event","type":"click","text":"B\n      轻盈卡片工作室顶部模块导航、柔和暖灰背景、任务卡片与流程块。更亲和，更强调业务进度阅读。\n    \n    \n      \n        YUMI Studio工作台订单库存生产资料报表chen　●\n        订单履约工作区今天有 9 项任务需要处理，2 张订单临近交期新建订单\n        \n          \n            优先处理\n            YM00128 · 青禾设计明天交付森林兔 120 件 · 缝边 40 件制作 120/120捏毛装袋 90/120缝边裁剪 0/40\n            YM00127 · 乐屿商贸可发货云朵熊 80 件 · 不缝边制作 80/80捏毛装袋 80/80可发货 80\n            YM00126 · 山里工作室等待上游围巾猫 60 件 · 缝边 60 件制作 24/60捏毛装袋 0/60缝边裁剪 0/60\n          \n          \n            今日概览待核验计划6可确认发货16待处理退款2\n            未完成待处理PT000084 剩余 12 件尚未重新安排。\n          \n        \n        本周确认订单18平均履约进度72%本周发货数量436\n      \n    \n    Token 倾向：暖灰底 + 苔绿主色 + 12–14px 圆角卡片驱动控件高 36px间距 6/10/16/24","choice":"b","id":null,"timestamp":1790134424604}
{"source":"user-event","type":"click","text":"B\n      轻盈卡片工作室顶部模块导航、柔和暖灰背景、任务卡片与流程块。更亲和，更强调业务进度阅读。\n    \n    \n      \n        YUMI Studio工作台订单库存生产资料报表chen　●\n        订单履约工作区今天有 9 项任务需要处理，2 张订单临近交期新建订单\n        \n          \n            优先处理\n            YM00128 · 青禾设计明天交付森林兔 120 件 · 缝边 40 件制作 120/120捏毛装袋 90/120缝边裁剪 0/40\n            YM00127 · 乐屿商贸可发货云朵熊 80 件 · 不缝边制作 80/80捏毛装袋 80/80可发货 80\n            YM00126 · 山里工作室等待上游围巾猫 60 件 · 缝边 60 件制作 24/60捏毛装袋 0/60缝边裁剪 0/60\n          \n          \n            今日概览待核验计划6可确认发货16待处理退款2\n            未完成待处理PT000084 剩余 12 件尚未重新安排。\n          \n        \n        本周确认订单18平均履约进度72%本周发货数量436\n      \n    \n    Token 倾向：暖灰底 + 苔绿主色 + 12–14px 圆角卡片驱动控件高 36px间距 6/10/16/24","choice":"b","id":null,"timestamp":1790134449845}
{"source":"user-event","type":"click","text":"B\n      轻盈卡片工作室顶部模块导航、柔和暖灰背景、任务卡片与流程块。更亲和，更强调业务进度阅读。\n    \n    \n      \n        YUMI Studio工作台订单库存生产资料报表chen　●\n        订单履约工作区今天有 9 项任务需要处理，2 张订单临近交期新建订单\n        \n          \n            优先处理\n            YM00128 · 青禾设计明天交付森林兔 120 件 · 缝边 40 件制作 120/120捏毛装袋 90/120缝边裁剪 0/40\n            YM00127 · 乐屿商贸可发货云朵熊 80 件 · 不缝边制作 80/80捏毛装袋 80/80可发货 80\n            YM00126 · 山里工作室等待上游围巾猫 60 件 · 缝边 60 件制作 24/60捏毛装袋 0/60缝边裁剪 0/60\n          \n          \n            今日概览待核验计划6可确认发货16待处理退款2\n            未完成待处理PT000084 剩余 12 件尚未重新安排。\n          \n        \n        本周确认订单18平均履约进度72%本周发货数量436\n      \n    \n    Token 倾向：暖灰底 + 苔绿主色 + 12–14px 圆角卡片驱动控件高 36px间距 6/10/16/24","choice":"b","id":null,"timestamp":1790134450046}
{"source":"user-event","type":"click","text":"A\n      紧凑企业作业台固定图标侧栏、页内业务标签、高密度表格。适合订单量大、重复操作多的管理员。\n    \n    \n      \n        \n          Y\n          ⌂工作台\n          ▤订单\n          ▦库存\n          ⚙生产\n          ◇资料\n          ▥报表\n        \n        \n          订单履约管理员 chen　⌄\n          \n            订单总览待生产待发货收退款售后\n            \n              进行中订单28\n              等待上游9\n              可发货16\n              待退款2\n            \n            订单号 / 客户状态：全部⌄交期⌄＋ 新建订单\n            \n              订单客户 / 商品金额履约状态操作\n              YM00128青禾设计 · 森林兔¥8,24075%生产中查看\n              YM00127乐屿商贸 · 云朵熊¥5,680100%可发货发货\n              YM00126山里工作室 · 围巾猫¥3,96040%等上游查看\n              YM00125拾光礼品 · 星星狗¥12,48088%待核验核验\n              YM00124木棉生活 · 小象¥6,12060%生产中查看\n            \n          \n        \n      \n    \n    Token 倾向：冷灰底 + 靛蓝主色 + 7px 小圆角表格行 36px控件高 32px间距 4/8/12/16","choice":"a","id":null,"timestamp":1790134452904}
{"source":"user-event","type":"click","text":"B\n      轻盈卡片工作室顶部模块导航、柔和暖灰背景、任务卡片与流程块。更亲和，更强调业务进度阅读。\n    \n    \n      \n        YUMI Studio工作台订单库存生产资料报表chen　●\n        订单履约工作区今天有 9 项任务需要处理，2 张订单临近交期新建订单\n        \n          \n            优先处理\n            YM00128 · 青禾设计明天交付森林兔 120 件 · 缝边 40 件制作 120/120捏毛装袋 90/120缝边裁剪 0/40\n            YM00127 · 乐屿商贸可发货云朵熊 80 件 · 不缝边制作 80/80捏毛装袋 80/80可发货 80\n            YM00126 · 山里工作室等待上游围巾猫 60 件 · 缝边 60 件制作 24/60捏毛装袋 0/60缝边裁剪 0/60\n          \n          \n            今日概览待核验计划6可确认发货16待处理退款2\n            未完成待处理PT000084 剩余 12 件尚未重新安排。\n          \n        \n        本周确认订单18平均履约进度72%本周发货数量436\n      \n    \n    Token 倾向：暖灰底 + 苔绿主色 + 12–14px 圆角卡片驱动控件高 36px间距 6/10/16/24","choice":"b","id":null,"timestamp":1790134453398}
{"type":"screen-added","file":"/Volumes/code/YUMIV2/.superpowers/brainstorm/92844-1790133283/content/b-navigation-levels.html"}
{"type":"screen-added","file":"/Volumes/code/YUMIV2/.superpowers/brainstorm/92844-1790133283/content/waiting-navigation-feedback.html"}
{"type":"screen-added","file":"/Volumes/code/YUMIV2/.superpowers/brainstorm/92844-1790133283/content/b-single-tree-navigation.html"}
{"type":"screen-added","file":"/Volumes/code/YUMIV2/.superpowers/brainstorm/92844-1790133283/content/order-context-navigation-corrected.html"}
{"type":"screen-added","file":"/Volumes/code/YUMIV2/.superpowers/brainstorm/92844-1790133283/content/order-cohesive-workflow.html"}
{"type":"screen-added","file":"/Volumes/code/YUMIV2/.superpowers/brainstorm/92844-1790133283/content/order-and-shipment-state-clarified.html"}
{"type":"screen-added","file":"/Volumes/code/YUMIV2/.superpowers/brainstorm/92844-1790133283/content/partial-shipment-aftersales.html"}
{"type":"screen-added","file":"/Volumes/code/YUMIV2/.superpowers/brainstorm/92844-1790133283/content/order-detail-polish.html"}
{"type":"screen-added","file":"/Volumes/code/YUMIV2/.superpowers/brainstorm/92844-1790133283/content/waiting-structural-redesign.html"}
{"type":"screen-added","file":"/Volumes/code/YUMIV2/.superpowers/brainstorm/92844-1790133283/content/order-fulfillment-workspace-structure.html"}
{"type":"screen-added","file":"/Volumes/code/YUMIV2/.superpowers/brainstorm/92844-1790133283/content/order-fulfillment-workspace-line-items-v2.html"}
{"type":"screen-updated","file":"/Volumes/code/YUMIV2/.superpowers/brainstorm/92844-1790133283/content/order-fulfillment-workspace-line-items-v2.html"}
{"type":"screen-updated","file":"/Volumes/code/YUMIV2/.superpowers/brainstorm/92844-1790133283/content/order-fulfillment-workspace-line-items-v2.html"}
{"type":"screen-updated","file":"/Volumes/code/YUMIV2/.superpowers/brainstorm/92844-1790133283/content/order-fulfillment-workspace-line-items-v2.html"}
{"type":"screen-updated","file":"/Volumes/code/YUMIV2/.superpowers/brainstorm/92844-1790133283/content/order-fulfillment-workspace-line-items-v2.html"}
{"type":"screen-added","file":"/Volumes/code/YUMIV2/.superpowers/brainstorm/92844-1790133283/content/order-workspace-1600-dual-column.html"}
{"type":"screen-updated","file":"/Volumes/code/YUMIV2/.superpowers/brainstorm/92844-1790133283/content/order-workspace-1600-dual-column.html"}
{"type":"screen-updated","file":"/Volumes/code/YUMIV2/.superpowers/brainstorm/92844-1790133283/content/order-workspace-1600-dual-column.html"}
{"type":"screen-updated","file":"/Volumes/code/YUMIV2/.superpowers/brainstorm/92844-1790133283/content/order-workspace-1600-dual-column.html"}
{"type":"server-stopped","reason":"owner process exited"}
